Microsoft Windows [Version 10.0.17134.48]
(c) 2018 Microsoft Corporation. All rights reserved.

C:\Users\Aminda>composer
   ______
  / ____/___  ____ ___  ____  ____  ________  _____
 / /   / __ \/ __ `__ \/ __ \/ __ \/ ___/ _ \/ ___/
/ /___/ /_/ / / / / / / /_/ / /_/ (__  )  __/ /
\____/\____/_/ /_/ /_/ .___/\____/____/\___/_/
                    /_/
Composer version 1.6.5 2018-05-04 11:44:59

Usage:
  command [options] [arguments]

Options:
  -h, --help                     Display this help message
  -q, --quiet                    Do not output any message
  -V, --version                  Display this application version
      --ansi                     Force ANSI output
      --no-ansi                  Disable ANSI output
  -n, --no-interaction           Do not ask any interactive question
      --profile                  Display timing and memory usage information
      --no-plugins               Whether to disable plugins.
  -d, --working-dir=WORKING-DIR  If specified, use the given directory as working directory.
  -v|vv|vvv, --verbose           Increase the verbosity of messages: 1 for normal output, 2 for more verbose output and 3 for debug

Available commands:
  about                Shows the short information about Composer.
  archive              Creates an archive of this composer package.
  browse               Opens the package's repository URL or homepage in your browser.
  check-platform-reqs  Check that platform requirements are satisfied.
  clear-cache          Clears composer's internal package cache.
  clearcache           Clears composer's internal package cache.
  config               Sets config options.
  create-project       Creates new project from a package into given directory.
  depends              Shows which packages cause the given package to be installed.
  diagnose             Diagnoses the system to identify common errors.
  dump-autoload        Dumps the autoloader.
  dumpautoload         Dumps the autoloader.
  exec                 Executes a vendored binary/script.
  global               Allows running commands in the global composer dir ($COMPOSER_HOME).
  help                 Displays help for a command
  home                 Opens the package's repository URL or homepage in your browser.
  info                 Shows information about packages.
  init                 Creates a basic composer.json file in current directory.
  install              Installs the project dependencies from the composer.lock file if present, or falls back on the composer.json.
  licenses             Shows information about licenses of dependencies.
  list                 Lists commands
  outdated             Shows a list of installed packages that have updates available, including their latest version.
  prohibits            Shows which packages prevent the given package from being installed.
  remove               Removes a package from the require or require-dev.
  require              Adds required packages to your composer.json and installs them.
  run-script           Runs the scripts defined in composer.json.
  search               Searches for packages.
  self-update          Updates composer.phar to the latest version.
  selfupdate           Updates composer.phar to the latest version.
  show                 Shows information about packages.
  status               Shows a list of locally modified packages, for packages installed from source.
  suggests             Shows package suggestions.
  update               Upgrades your dependencies to the latest version according to composer.json, and updates the composer.lock file.
  upgrade              Upgrades your dependencies to the latest version according to composer.json, and updates the composer.lock file.
  validate             Validates a composer.json and composer.lock.
  why                  Shows which packages cause the given package to be installed.
  why-not              Shows which packages prevent the given package from being installed.

C:\Users\Aminda>cd
C:\Users\Aminda

C:\Users\Aminda>cd \

C:\>cd xampp/htdocs

C:\xampp\htdocs>composer create-project --prefer-dist laravel/laravel Hellowworld
Installing laravel/laravel (v5.6.21)
  - Installing laravel/laravel (v5.6.21): Loading from cache
Created project in Hellowworld
> @php -r "file_exists('.env') || copy('.env.example', '.env');"
Loading composer repositories with package information
Updating dependencies (including require-dev)
Package operations: 71 installs, 0 updates, 0 removals
  - Installing vlucas/phpdotenv (v2.4.0): Loading from cache
  - Installing symfony/css-selector (v4.0.10): Loading from cache
  - Installing tijsverkoyen/css-to-inline-styles (2.2.1): Loading from cache
  - Installing symfony/polyfill-php72 (v1.8.0): Loading from cache
  - Installing symfony/polyfill-mbstring (v1.8.0): Loading from cache
  - Installing symfony/var-dumper (v4.0.10): Loading from cache
  - Installing symfony/routing (v4.0.10): Loading from cache
  - Installing symfony/process (v4.0.10): Loading from cache
  - Installing symfony/polyfill-ctype (v1.8.0): Loading from cache
  - Installing psr/log (1.0.2): Loading from cache
  - Installing symfony/debug (v4.0.10): Loading from cache
  - Installing symfony/http-foundation (v4.0.10): Loading from cache
  - Installing paragonie/random_compat (v2.0.12): Loading from cache
  - Installing symfony/event-dispatcher (v4.0.10): Loading from cache
  - Installing symfony/http-kernel (v4.0.10): Loading from cache
  - Installing symfony/finder (v4.0.10): Loading from cache
  - Installing symfony/console (v4.0.10): Loading from cache
  - Installing doctrine/lexer (v1.0.1): Loading from cache
  - Installing egulias/email-validator (2.1.4): Loading from cache
  - Installing swiftmailer/swiftmailer (v6.0.2): Loading from cache
  - Installing ramsey/uuid (3.7.3): Loading from cache
  - Installing psr/simple-cache (1.0.1): Loading from cache
  - Installing psr/container (1.0.0): Loading from cache
  - Installing symfony/translation (v4.0.10): Loading from cache
  - Installing nesbot/carbon (1.25.0): Loading from cache
  - Installing monolog/monolog (1.23.0): Loading from cache
  - Installing league/flysystem (1.0.45): Loading from cache
  - Installing erusev/parsedown (1.7.1): Loading from cache
  - Installing dragonmantank/cron-expression (v2.1.0): Loading from cache
  - Installing doctrine/inflector (v1.3.0): Loading from cache
  - Installing laravel/framework (v5.6.23): Loading from cache
  - Installing fideloper/proxy (4.0.0): Loading from cache
  - Installing jakub-onderka/php-console-color (0.1): Loading from cache
  - Installing jakub-onderka/php-console-highlighter (v0.3.2): Loading from cache
  - Installing dnoegel/php-xdg-base-dir (0.1): Loading from cache
  - Installing nikic/php-parser (v4.0.1): Loading from cache
  - Installing psy/psysh (v0.9.4): Loading from cache
  - Installing laravel/tinker (v1.0.7): Loading from cache
  - Installing fzaninotto/faker (v1.7.1): Loading from cache
  - Installing hamcrest/hamcrest-php (v2.0.0): Loading from cache
  - Installing mockery/mockery (1.1.0): Loading from cache
  - Installing filp/whoops (2.1.14): Loading from cache
  - Installing nunomaduro/collision (v2.0.2): Loading from cache
  - Installing sebastian/version (2.0.1): Loading from cache
  - Installing sebastian/resource-operations (1.0.0): Loading from cache
  - Installing sebastian/object-reflector (1.1.1): Loading from cache
  - Installing sebastian/recursion-context (3.0.0): Loading from cache
  - Installing sebastian/object-enumerator (3.0.3): Loading from cache
  - Installing sebastian/global-state (2.0.0): Loading from cache
  - Installing sebastian/exporter (3.1.0): Loading from cache
  - Installing sebastian/environment (3.1.0): Loading from cache
  - Installing sebastian/diff (3.0.0): Loading from cache
  - Installing sebastian/comparator (3.0.0): Loading from cache
  - Installing doctrine/instantiator (1.1.0): Loading from cache
  - Installing phpunit/php-text-template (1.2.1): Loading from cache
  - Installing phpunit/phpunit-mock-objects (6.1.1): Loading from cache
  - Installing phpunit/php-timer (2.0.0): Loading from cache
  - Installing phpunit/php-file-iterator (1.4.5): Loading from cache
  - Installing theseer/tokenizer (1.1.0): Loading from cache
  - Installing sebastian/code-unit-reverse-lookup (1.0.1): Loading from cache
  - Installing phpunit/php-token-stream (3.0.0): Loading from cache
  - Installing phpunit/php-code-coverage (6.0.4): Loading from cache
  - Installing webmozart/assert (1.3.0): Loading from cache
  - Installing phpdocumentor/reflection-common (1.0.1): Loading from cache
  - Installing phpdocumentor/type-resolver (0.4.0): Loading from cache
  - Installing phpdocumentor/reflection-docblock (4.3.0): Loading from cache
  - Installing phpspec/prophecy (1.7.6): Loading from cache
  - Installing phar-io/version (1.0.1): Loading from cache
  - Installing phar-io/manifest (1.0.1): Loading from cache
  - Installing myclabs/deep-copy (1.7.0): Loading from cache
  - Installing phpunit/phpunit (7.1.5): Loading from cache
symfony/var-dumper suggests installing ext-intl (To show region name in time zone dump)
symfony/routing suggests installing doctrine/annotations (For using the annotation loader)
symfony/routing suggests installing symfony/config (For using the all-in-one router or any loader)
symfony/routing suggests installing symfony/dependency-injection (For loading routes from a service)
symfony/routing suggests installing symfony/expression-language (For using expression matching)
symfony/routing suggests installing symfony/yaml (For using the YAML loader)
paragonie/random_compat suggests installing ext-libsodium (Provides a modern crypto API that can be used to generate random bytes.)
symfony/event-dispatcher suggests installing symfony/dependency-injection ()
symfony/http-kernel suggests installing symfony/browser-kit ()
symfony/http-kernel suggests installing symfony/config ()
symfony/http-kernel suggests installing symfony/dependency-injection ()
symfony/console suggests installing symfony/lock ()
egulias/email-validator suggests installing ext-intl (PHP Internationalization Libraries are required to use the SpoofChecking validation)
ramsey/uuid suggests installing ircmaxell/random-lib (Provides RandomLib for use with the RandomLibAdapter)
ramsey/uuid suggests installing ext-libsodium (Provides the PECL libsodium extension for use with the SodiumRandomGenerator)
ramsey/uuid suggests installing ext-uuid (Provides the PECL UUID extension for use with the PeclUuidTimeGenerator and PeclUuidRandomGenerator)
ramsey/uuid suggests installing moontoast/math (Provides support for converting UUID to 128-bit integer (in string form).)
ramsey/uuid suggests installing ramsey/uuid-doctrine (Allows the use of Ramsey\Uuid\Uuid as Doctrine field type.)
ramsey/uuid suggests installing ramsey/uuid-console (A console application for generating UUIDs with ramsey/uuid)
symfony/translation suggests installing symfony/config ()
symfony/translation suggests installing symfony/yaml ()
monolog/monolog suggests installing aws/aws-sdk-php (Allow sending log messages to AWS services like DynamoDB)
monolog/monolog suggests installing doctrine/couchdb (Allow sending log messages to a CouchDB server)
monolog/monolog suggests installing ext-amqp (Allow sending log messages to an AMQP server (1.0+ required))
monolog/monolog suggests installing ext-mongo (Allow sending log messages to a MongoDB server)
monolog/monolog suggests installing graylog2/gelf-php (Allow sending log messages to a GrayLog2 server)
monolog/monolog suggests installing mongodb/mongodb (Allow sending log messages to a MongoDB server via PHP Driver)
monolog/monolog suggests installing php-amqplib/php-amqplib (Allow sending log messages to an AMQP server using php-amqplib)
monolog/monolog suggests installing php-console/php-console (Allow sending log messages to Google Chrome)
monolog/monolog suggests installing rollbar/rollbar (Allow sending log messages to Rollbar)
monolog/monolog suggests installing ruflin/elastica (Allow sending log messages to an Elastic Search server)
monolog/monolog suggests installing sentry/sentry (Allow sending log messages to a Sentry server)
league/flysystem suggests installing league/flysystem-aws-s3-v2 (Allows you to use S3 storage with AWS SDK v2)
league/flysystem suggests installing league/flysystem-aws-s3-v3 (Allows you to use S3 storage with AWS SDK v3)
league/flysystem suggests installing league/flysystem-azure (Allows you to use Windows Azure Blob storage)
league/flysystem suggests installing league/flysystem-cached-adapter (Flysystem adapter decorator for metadata caching)
league/flysystem suggests installing league/flysystem-eventable-filesystem (Allows you to use EventableFilesystem)
league/flysystem suggests installing league/flysystem-rackspace (Allows you to use Rackspace Cloud Files)
league/flysystem suggests installing league/flysystem-sftp (Allows you to use SFTP server storage via phpseclib)
league/flysystem suggests installing league/flysystem-webdav (Allows you to use WebDAV storage)
league/flysystem suggests installing league/flysystem-ziparchive (Allows you to use ZipArchive adapter)
league/flysystem suggests installing spatie/flysystem-dropbox (Allows you to use Dropbox storage)
league/flysystem suggests installing srmklive/flysystem-dropbox-v2 (Allows you to use Dropbox storage for PHP 5 applications)
laravel/framework suggests installing aws/aws-sdk-php (Required to use the SQS queue driver and SES mail driver (~3.0).)
laravel/framework suggests installing doctrine/dbal (Required to rename columns and drop SQLite columns (~2.6).)
laravel/framework suggests installing ext-pcntl (Required to use all features of the queue worker.)
laravel/framework suggests installing ext-posix (Required to use all features of the queue worker.)
laravel/framework suggests installing guzzlehttp/guzzle (Required to use the Mailgun and Mandrill mail drivers and the ping methods on schedules (~6.0).)
laravel/framework suggests installing league/flysystem-aws-s3-v3 (Required to use the Flysystem S3 driver (~1.0).)
laravel/framework suggests installing league/flysystem-cached-adapter (Required to use the Flysystem cache (~1.0).)
laravel/framework suggests installing league/flysystem-rackspace (Required to use the Flysystem Rackspace driver (~1.0).)
laravel/framework suggests installing league/flysystem-sftp (Required to use the Flysystem SFTP driver (~1.0).)
laravel/framework suggests installing nexmo/client (Required to use the Nexmo transport (~1.0).)
laravel/framework suggests installing pda/pheanstalk (Required to use the beanstalk queue driver (~3.0).)
laravel/framework suggests installing predis/predis (Required to use the redis cache and queue drivers (~1.0).)
laravel/framework suggests installing pusher/pusher-php-server (Required to use the Pusher broadcast driver (~3.0).)
laravel/framework suggests installing symfony/dom-crawler (Required to use most of the crawler integration testing tools (~4.0).)
laravel/framework suggests installing symfony/psr-http-message-bridge (Required to psr7 bridging features (~1.0).)
psy/psysh suggests installing ext-pcntl (Enabling the PCNTL extension makes PsySH a lot happier :))
psy/psysh suggests installing ext-posix (If you have PCNTL, you'll want the POSIX extension as well.)
psy/psysh suggests installing ext-pdo-sqlite (The doc command requires SQLite to work.)
psy/psysh suggests installing hoa/console (A pure PHP readline implementation. You'll want this if your PHP install doesn't already support readline or libedit.)
filp/whoops suggests installing whoops/soap (Formats errors as SOAP responses)
sebastian/global-state suggests installing ext-uopz (*)
phpunit/phpunit-mock-objects suggests installing ext-soap (*)
phpunit/php-code-coverage suggests installing ext-xdebug (^2.6.0)
phpunit/phpunit suggests installing phpunit/php-invoker (^2.0)
phpunit/phpunit suggests installing ext-xdebug (*)
Writing lock file
Generating optimized autoload files
> Illuminate\Foundation\ComposerScripts::postAutoloadDump
> @php artisan package:discover
Discovered Package: fideloper/proxy
Discovered Package: laravel/tinker
Discovered Package: nunomaduro/collision
Package manifest generated successfully.
> @php artisan key:generate
Application key [base64:fzQ0fMh96WwVuL+9wE1AiQ5f+emPZ8ygvNwbcPZRR1Y=] set successfully.

C:\xampp\htdocs>cd Hellowworld

C:\xampp\htdocs\Hellowworld>php -S localhost:8000 -t public